[  665652ms] [LOG] [Fast Refresh] rebuilding @ http://localhost:3000/_next/static/chunks/18od_next_dist_0kzi8zd._.js:776
[  666838ms] [LOG] [Fast Refresh] done in 618ms @ http://localhost:3000/_next/static/chunks/18od_next_dist_0kzi8zd._.js:776
[  667163ms] [LOG] [Fast Refresh] done in 1305ms @ http://localhost:3000/_next/static/chunks/18od_next_dist_0kzi8zd._.js:776
[  667254ms] [LOG] [Fast Refresh] done in 1305ms @ http://localhost:3000/_next/static/chunks/18od_next_dist_0kzi8zd._.js:776
[  667317ms] [LOG] [Fast Refresh] done in 1305ms @ http://localhost:3000/_next/static/chunks/18od_next_dist_0kzi8zd._.js:776
[  667405ms] [LOG] [Fast Refresh] done in 1305ms @ http://localhost:3000/_next/static/chunks/18od_next_dist_0kzi8zd._.js:776
[  667518ms] [LOG] [Fast Refresh] done in 1305ms @ http://localhost:3000/_next/static/chunks/18od_next_dist_0kzi8zd._.js:776
[  667591ms] [LOG] [Fast Refresh] done in 1305ms @ http://localhost:3000/_next/static/chunks/18od_next_dist_0kzi8zd._.js:776
[  667742ms] [LOG] [Fast Refresh] done in 1305ms @ http://localhost:3000/_next/static/chunks/18od_next_dist_0kzi8zd._.js:776
[  667876ms] [LOG] [Fast Refresh] done in 1305ms @ http://localhost:3000/_next/static/chunks/18od_next_dist_0kzi8zd._.js:776
[  668155ms] [LOG] [Fast Refresh] done in 1305ms @ http://localhost:3000/_next/static/chunks/18od_next_dist_0kzi8zd._.js:776
[  668256ms] [LOG] [Fast Refresh] done in 1305ms @ http://localhost:3000/_next/static/chunks/18od_next_dist_0kzi8zd._.js:776
[  668337ms] [LOG] [Fast Refresh] done in 1305ms @ http://localhost:3000/_next/static/chunks/18od_next_dist_0kzi8zd._.js:776
[  668408ms] [LOG] [Fast Refresh] done in 1305ms @ http://localhost:3000/_next/static/chunks/18od_next_dist_0kzi8zd._.js:776
[  668513ms] [LOG] [Fast Refresh] done in 1305ms @ http://localhost:3000/_next/static/chunks/18od_next_dist_0kzi8zd._.js:776
[  668596ms] [LOG] [Fast Refresh] done in 1305ms @ http://localhost:3000/_next/static/chunks/18od_next_dist_0kzi8zd._.js:776
[  668710ms] [LOG] [Fast Refresh] done in 1305ms @ http://localhost:3000/_next/static/chunks/18od_next_dist_0kzi8zd._.js:776
[  668839ms] [LOG] [Fast Refresh] done in 1305ms @ http://localhost:3000/_next/static/chunks/18od_next_dist_0kzi8zd._.js:776
[  668900ms] [LOG] [Fast Refresh] done in 1305ms @ http://localhost:3000/_next/static/chunks/18od_next_dist_0kzi8zd._.js:776
[  668963ms] [LOG] [Fast Refresh] done in 1305ms @ http://localhost:3000/_next/static/chunks/18od_next_dist_0kzi8zd._.js:776
[  669076ms] [LOG] [Fast Refresh] done in 1305ms @ http://localhost:3000/_next/static/chunks/18od_next_dist_0kzi8zd._.js:776
[  669141ms] [LOG] [Fast Refresh] done in 1305ms @ http://localhost:3000/_next/static/chunks/18od_next_dist_0kzi8zd._.js:776
[  669221ms] [LOG] [Fast Refresh] done in 1305ms @ http://localhost:3000/_next/static/chunks/18od_next_dist_0kzi8zd._.js:776
[  669277ms] [LOG] [Fast Refresh] done in 1305ms @ http://localhost:3000/_next/static/chunks/18od_next_dist_0kzi8zd._.js:776
[  669505ms] [LOG] [Fast Refresh] rebuilding @ http://localhost:3000/_next/static/chunks/18od_next_dist_0kzi8zd._.js:776
[  669758ms] [LOG] [Fast Refresh] done in 353ms @ http://localhost:3000/_next/static/chunks/18od_next_dist_0kzi8zd._.js:776
[  685439ms] [LOG] [HMR] connected @ http://localhost:3000/_next/static/chunks/18od_next_dist_0kzi8zd._.js:776
[  686229ms] [INFO] %cDownload the React DevTools for a better development experience: https://react.dev/link/react-devtools font-weight:bold @ http://localhost:3000/_next/static/chunks/18od_next_dist_0kzi8zd._.js:776
[  687013ms] [LOG] [HMR] connected @ http://localhost:3000/_next/static/chunks/18od_next_dist_0kzi8zd._.js:776
[  709329ms] [LOG] [Fast Refresh] rebuilding @ http://localhost:3000/_next/static/chunks/18od_next_dist_0kzi8zd._.js:776
[  709378ms] [LOG] [Fast Refresh] done in 151ms @ http://localhost:3000/_next/static/chunks/18od_next_dist_0kzi8zd._.js:776
[  765669ms] [ERROR] WebSocket connection to 'ws://localhost:3000/_next/hmr?id=I0_XolDnDFoDKmlkxcCXp' failed: Error in connection establishment: net::ERR_CONNECTION_REFUSED @ http://localhost:3000/_next/static/chunks/18od_next_dist_client_1c0y_56._.js:16256
[  766673ms] [ERROR] WebSocket connection to 'ws://localhost:3000/_next/hmr?id=I0_XolDnDFoDKmlkxcCXp' failed: Error in connection establishment: net::ERR_CONNECTION_REFUSED @ http://localhost:3000/_next/static/chunks/18od_next_dist_client_1c0y_56._.js:16256
[  767678ms] [ERROR] WebSocket connection to 'ws://localhost:3000/_next/hmr?id=I0_XolDnDFoDKmlkxcCXp' failed: Error in connection establishment: net::ERR_CONNECTION_REFUSED @ http://localhost:3000/_next/static/chunks/18od_next_dist_client_1c0y_56._.js:16256
[  768680ms] [ERROR] WebSocket connection to 'ws://localhost:3000/_next/hmr?id=I0_XolDnDFoDKmlkxcCXp' failed: Error in connection establishment: net::ERR_CONNECTION_REFUSED @ http://localhost:3000/_next/static/chunks/18od_next_dist_client_1c0y_56._.js:16256
[  769683ms] [ERROR] WebSocket connection to 'ws://localhost:3000/_next/hmr?id=I0_XolDnDFoDKmlkxcCXp' failed: Error in connection establishment: net::ERR_CONNECTION_REFUSED @ http://localhost:3000/_next/static/chunks/18od_next_dist_client_1c0y_56._.js:16256
[  774687ms] [ERROR] WebSocket connection to 'ws://localhost:3000/_next/hmr?id=I0_XolDnDFoDKmlkxcCXp' failed: Error in connection establishment: net::ERR_CONNECTION_REFUSED @ http://localhost:3000/_next/static/chunks/18od_next_dist_client_1c0y_56._.js:16256
[  779690ms] [ERROR] WebSocket connection to 'ws://localhost:3000/_next/hmr?id=I0_XolDnDFoDKmlkxcCXp' failed: Error in connection establishment: net::ERR_CONNECTION_REFUSED @ http://localhost:3000/_next/static/chunks/18od_next_dist_client_1c0y_56._.js:16256
[  784697ms] [ERROR] WebSocket connection to 'ws://localhost:3000/_next/hmr?id=I0_XolDnDFoDKmlkxcCXp' failed: Error in connection establishment: net::ERR_CONNECTION_REFUSED @ http://localhost:3000/_next/static/chunks/18od_next_dist_client_1c0y_56._.js:16256
[  789700ms] [ERROR] WebSocket connection to 'ws://localhost:3000/_next/hmr?id=I0_XolDnDFoDKmlkxcCXp' failed: Error in connection establishment: net::ERR_CONNECTION_REFUSED @ http://localhost:3000/_next/static/chunks/18od_next_dist_client_1c0y_56._.js:16256
[  794705ms] [ERROR] WebSocket connection to 'ws://localhost:3000/_next/hmr?id=I0_XolDnDFoDKmlkxcCXp' failed: Error in connection establishment: net::ERR_CONNECTION_REFUSED @ http://localhost:3000/_next/static/chunks/18od_next_dist_client_1c0y_56._.js:16256
[  799711ms] [ERROR] WebSocket connection to 'ws://localhost:3000/_next/hmr?id=I0_XolDnDFoDKmlkxcCXp' failed: Error in connection establishment: net::ERR_CONNECTION_REFUSED @ http://localhost:3000/_next/static/chunks/18od_next_dist_client_1c0y_56._.js:16256
[  804714ms] [ERROR] WebSocket connection to 'ws://localhost:3000/_next/hmr?id=I0_XolDnDFoDKmlkxcCXp' failed: Error in connection establishment: net::ERR_CONNECTION_REFUSED @ http://localhost:3000/_next/static/chunks/18od_next_dist_client_1c0y_56._.js:16256
[ 4126302ms] [INFO] %cDownload the React DevTools for a better development experience: https://react.dev/link/react-devtools font-weight:bold @ http://localhost:3000/_next/static/chunks/18od_next_dist_0kzi8zd._.js:776
[ 4126352ms] [LOG] [HMR] connected @ http://localhost:3000/_next/static/chunks/18od_next_dist_0kzi8zd._.js:776
[ 6120526ms] [LOG] [HMR] connected @ http://localhost:3000/_next/static/chunks/18od_next_dist_0kzi8zd._.js:776
[ 6134929ms] [LOG] [HMR] connected @ http://localhost:3000/_next/static/chunks/18od_next_dist_0kzi8zd._.js:776
[13377123ms] [LOG] [HMR] connected @ http://localhost:3000/_next/static/chunks/18od_next_dist_0kzi8zd._.js:776
[13668815ms] [LOG] [HMR] connected @ http://localhost:3000/_next/static/chunks/18od_next_dist_0kzi8zd._.js:776
[18643629ms] [LOG] [HMR] connected @ http://localhost:3000/_next/static/chunks/18od_next_dist_0kzi8zd._.js:776
[20244110ms] [LOG] [HMR] connected @ http://localhost:3000/_next/static/chunks/18od_next_dist_0kzi8zd._.js:776
[20460030ms] [LOG] [HMR] connected @ http://localhost:3000/_next/static/chunks/18od_next_dist_0kzi8zd._.js:776
[20603649ms] [LOG] [HMR] connected @ http://localhost:3000/_next/static/chunks/18od_next_dist_0kzi8zd._.js:776
[20620566ms] [LOG] [HMR] connected @ http://localhost:3000/_next/static/chunks/18od_next_dist_0kzi8zd._.js:776
[26352968ms] [LOG] [HMR] connected @ http://localhost:3000/_next/static/chunks/18od_next_dist_0kzi8zd._.js:776
[44691554ms] [LOG] [Fast Refresh] rebuilding @ http://localhost:3000/_next/static/chunks/18od_next_dist_0kzi8zd._.js:776
[44692474ms] [LOG] [Fast Refresh] done in 1019ms @ http://localhost:3000/_next/static/chunks/18od_next_dist_0kzi8zd._.js:776
[44692548ms] [LOG] [Fast Refresh] done in 1019ms @ http://localhost:3000/_next/static/chunks/18od_next_dist_0kzi8zd._.js:776
[44692945ms] [LOG] [Fast Refresh] done in 1019ms @ http://localhost:3000/_next/static/chunks/18od_next_dist_0kzi8zd._.js:776
[44815720ms] [LOG] [Fast Refresh] done in 1019ms @ http://localhost:3000/_next/static/chunks/18od_next_dist_0kzi8zd._.js:776
[44902138ms] [LOG] [Fast Refresh] rebuilding @ http://localhost:3000/_next/static/chunks/18od_next_dist_0kzi8zd._.js:776
[44902161ms] [LOG] [Fast Refresh] done in 61ms @ http://localhost:3000/_next/static/chunks/18od_next_dist_0kzi8zd._.js:776
[44902397ms] [LOG] [Fast Refresh] done in 61ms @ http://localhost:3000/_next/static/chunks/18od_next_dist_0kzi8zd._.js:776
[44902981ms] [LOG] [Fast Refresh] done in 61ms @ http://localhost:3000/_next/static/chunks/18od_next_dist_0kzi8zd._.js:776
[44912615ms] [LOG] [Fast Refresh] rebuilding @ http://localhost:3000/_next/static/chunks/18od_next_dist_0kzi8zd._.js:776
[44912692ms] [LOG] [Fast Refresh] done in 152ms @ http://localhost:3000/_next/static/chunks/18od_next_dist_0kzi8zd._.js:776
[44912932ms] [LOG] [Fast Refresh] done in 152ms @ http://localhost:3000/_next/static/chunks/18od_next_dist_0kzi8zd._.js:776
[44914291ms] [LOG] [Fast Refresh] done in 152ms @ http://localhost:3000/_next/static/chunks/18od_next_dist_0kzi8zd._.js:776
[44942143ms] [LOG] [Fast Refresh] rebuilding @ http://localhost:3000/_next/static/chunks/18od_next_dist_0kzi8zd._.js:776
[44942174ms] [LOG] [Fast Refresh] done in 19ms @ http://localhost:3000/_next/static/chunks/18od_next_dist_0kzi8zd._.js:776
[44942400ms] [LOG] [Fast Refresh] done in 19ms @ http://localhost:3000/_next/static/chunks/18od_next_dist_0kzi8zd._.js:776
[44942645ms] [LOG] [Fast Refresh] done in 19ms @ http://localhost:3000/_next/static/chunks/18od_next_dist_0kzi8zd._.js:776
[44966097ms] [LOG] [Fast Refresh] done in 23806ms @ http://localhost:3000/_next/static/chunks/18od_next_dist_0kzi8zd._.js:776
[44966417ms] [LOG] [Fast Refresh] done in 23806ms @ http://localhost:3000/_next/static/chunks/18od_next_dist_0kzi8zd._.js:776
[45087198ms] [LOG] [Fast Refresh] rebuilding @ http://localhost:3000/_next/static/chunks/18od_next_dist_0kzi8zd._.js:776
[45087268ms] [LOG] [Fast Refresh] done in 168ms @ http://localhost:3000/_next/static/chunks/18od_next_dist_0kzi8zd._.js:776
[45087640ms] [LOG] [Fast Refresh] done in 168ms @ http://localhost:3000/_next/static/chunks/18od_next_dist_0kzi8zd._.js:776
[45088476ms] [LOG] [Fast Refresh] done in 168ms @ http://localhost:3000/_next/static/chunks/18od_next_dist_0kzi8zd._.js:776
[45102615ms] [LOG] [Fast Refresh] done in 2986ms @ http://localhost:3000/_next/static/chunks/18od_next_dist_0kzi8zd._.js:776
[45102750ms] [LOG] [Fast Refresh] done in 2986ms @ http://localhost:3000/_next/static/chunks/18od_next_dist_0kzi8zd._.js:776
[45103043ms] [LOG] [Fast Refresh] done in 2986ms @ http://localhost:3000/_next/static/chunks/18od_next_dist_0kzi8zd._.js:776
[45104977ms] [LOG] [Fast Refresh] rebuilding @ http://localhost:3000/_next/static/chunks/18od_next_dist_0kzi8zd._.js:776
[45105169ms] [LOG] [Fast Refresh] done in 2ms @ http://localhost:3000/_next/static/chunks/18od_next_dist_0kzi8zd._.js:776
[45105805ms] [LOG] [Fast Refresh] done in 2ms @ http://localhost:3000/_next/static/chunks/18od_next_dist_0kzi8zd._.js:776
[45113873ms] [LOG] [Fast Refresh] rebuilding @ http://localhost:3000/_next/static/chunks/18od_next_dist_0kzi8zd._.js:776
[45113902ms] [LOG] [Fast Refresh] done in 33ms @ http://localhost:3000/_next/static/chunks/18od_next_dist_0kzi8zd._.js:776
[45114061ms] [LOG] [Fast Refresh] done in 33ms @ http://localhost:3000/_next/static/chunks/18od_next_dist_0kzi8zd._.js:776
[45114647ms] [LOG] [Fast Refresh] done in 33ms @ http://localhost:3000/_next/static/chunks/18od_next_dist_0kzi8zd._.js:776
[45261494ms] [LOG] [Fast Refresh] rebuilding @ http://localhost:3000/_next/static/chunks/18od_next_dist_0kzi8zd._.js:776
[45261511ms] [LOG] [Fast Refresh] done in 53ms @ http://localhost:3000/_next/static/chunks/18od_next_dist_0kzi8zd._.js:776
[45261644ms] [LOG] [Fast Refresh] done in 53ms @ http://localhost:3000/_next/static/chunks/18od_next_dist_0kzi8zd._.js:776
[45262478ms] [LOG] [Fast Refresh] done in 53ms @ http://localhost:3000/_next/static/chunks/18od_next_dist_0kzi8zd._.js:776
[45273966ms] [LOG] [Fast Refresh] done in 12498ms @ http://localhost:3000/_next/static/chunks/18od_next_dist_0kzi8zd._.js:776
[45274104ms] [LOG] [Fast Refresh] done in 12498ms @ http://localhost:3000/_next/static/chunks/18od_next_dist_0kzi8zd._.js:776
[45274508ms] [LOG] [Fast Refresh] done in 12498ms @ http://localhost:3000/_next/static/chunks/18od_next_dist_0kzi8zd._.js:776
[45323021ms] [LOG] [Fast Refresh] rebuilding @ http://localhost:3000/_next/static/chunks/18od_next_dist_0kzi8zd._.js:776
[45323179ms] [LOG] [Fast Refresh] done in 51ms @ http://localhost:3000/_next/static/chunks/18od_next_dist_0kzi8zd._.js:776
[45323257ms] [LOG] [Fast Refresh] done in 51ms @ http://localhost:3000/_next/static/chunks/18od_next_dist_0kzi8zd._.js:776
[45323528ms] [LOG] [Fast Refresh] done in 51ms @ http://localhost:3000/_next/static/chunks/18od_next_dist_0kzi8zd._.js:776
[45349543ms] [LOG] [Fast Refresh] rebuilding @ http://localhost:3000/_next/static/chunks/18od_next_dist_0kzi8zd._.js:776
[45349606ms] [LOG] [Fast Refresh] done in 37ms @ http://localhost:3000/_next/static/chunks/18od_next_dist_0kzi8zd._.js:776
[45349923ms] [LOG] [Fast Refresh] done in 37ms @ http://localhost:3000/_next/static/chunks/18od_next_dist_0kzi8zd._.js:776
[45350169ms] [LOG] [Fast Refresh] done in 37ms @ http://localhost:3000/_next/static/chunks/18od_next_dist_0kzi8zd._.js:776
[45387628ms] [LOG] [Fast Refresh] rebuilding @ http://localhost:3000/_next/static/chunks/18od_next_dist_0kzi8zd._.js:776
[45387660ms] [LOG] [Fast Refresh] done in 14ms @ http://localhost:3000/_next/static/chunks/18od_next_dist_0kzi8zd._.js:776
[45387705ms] [LOG] [Fast Refresh] done in 14ms @ http://localhost:3000/_next/static/chunks/18od_next_dist_0kzi8zd._.js:776
[45388161ms] [LOG] [Fast Refresh] done in 14ms @ http://localhost:3000/_next/static/chunks/18od_next_dist_0kzi8zd._.js:776
[45388800ms] [LOG] [Fast Refresh] rebuilding @ http://localhost:3000/_next/static/chunks/18od_next_dist_0kzi8zd._.js:776
[45388808ms] [LOG] [Fast Refresh] done in 26ms @ http://localhost:3000/_next/static/chunks/18od_next_dist_0kzi8zd._.js:776
[45388854ms] [LOG] [Fast Refresh] done in 26ms @ http://localhost:3000/_next/static/chunks/18od_next_dist_0kzi8zd._.js:776
[45389622ms] [LOG] [Fast Refresh] done in 26ms @ http://localhost:3000/_next/static/chunks/18od_next_dist_0kzi8zd._.js:776
[45423955ms] [LOG] [Fast Refresh] done in 18570ms @ http://localhost:3000/_next/static/chunks/18od_next_dist_0kzi8zd._.js:776
[45424269ms] [LOG] [Fast Refresh] done in 18570ms @ http://localhost:3000/_next/static/chunks/18od_next_dist_0kzi8zd._.js:776
[45429703ms] [LOG] [Fast Refresh] done in 18570ms @ http://localhost:3000/_next/static/chunks/18od_next_dist_0kzi8zd._.js:776
[45430075ms] [LOG] [Fast Refresh] done in 18570ms @ http://localhost:3000/_next/static/chunks/18od_next_dist_0kzi8zd._.js:776
[45430468ms] [LOG] [Fast Refresh] done in 18570ms @ http://localhost:3000/_next/static/chunks/18od_next_dist_0kzi8zd._.js:776
[45436037ms] [LOG] [Fast Refresh] done in 18570ms @ http://localhost:3000/_next/static/chunks/18od_next_dist_0kzi8zd._.js:776
[45439077ms] [LOG] [Fast Refresh] done in 18570ms @ http://localhost:3000/_next/static/chunks/18od_next_dist_0kzi8zd._.js:776
[45439286ms] [LOG] [Fast Refresh] done in 18570ms @ http://localhost:3000/_next/static/chunks/18od_next_dist_0kzi8zd._.js:776
[45439537ms] [LOG] [Fast Refresh] done in 18570ms @ http://localhost:3000/_next/static/chunks/18od_next_dist_0kzi8zd._.js:776
[45450852ms] [LOG] [Fast Refresh] done in 45513ms @ http://localhost:3000/_next/static/chunks/18od_next_dist_0kzi8zd._.js:776
[45451162ms] [LOG] [Fast Refresh] done in 45513ms @ http://localhost:3000/_next/static/chunks/18od_next_dist_0kzi8zd._.js:776
[45466167ms] [LOG] [Fast Refresh] done in 45513ms @ http://localhost:3000/_next/static/chunks/18od_next_dist_0kzi8zd._.js:776
[45467925ms] [LOG] [Fast Refresh] done in 45513ms @ http://localhost:3000/_next/static/chunks/18od_next_dist_0kzi8zd._.js:776
[45468103ms] [LOG] [Fast Refresh] done in 45513ms @ http://localhost:3000/_next/static/chunks/18od_next_dist_0kzi8zd._.js:776
[45468638ms] [LOG] [Fast Refresh] done in 45513ms @ http://localhost:3000/_next/static/chunks/18od_next_dist_0kzi8zd._.js:776
[45474709ms] [LOG] [Fast Refresh] rebuilding @ http://localhost:3000/_next/static/chunks/18od_next_dist_0kzi8zd._.js:776
[45474732ms] [LOG] [Fast Refresh] done in 26ms @ http://localhost:3000/_next/static/chunks/18od_next_dist_0kzi8zd._.js:776
[45474855ms] [LOG] [Fast Refresh] done in 26ms @ http://localhost:3000/_next/static/chunks/18od_next_dist_0kzi8zd._.js:776
[45475074ms] [LOG] [Fast Refresh] done in 26ms @ http://localhost:3000/_next/static/chunks/18od_next_dist_0kzi8zd._.js:776
[45476892ms] [LOG] [Fast Refresh] done in 26ms @ http://localhost:3000/_next/static/chunks/18od_next_dist_0kzi8zd._.js:776
[45477024ms] [LOG] [Fast Refresh] done in 26ms @ http://localhost:3000/_next/static/chunks/18od_next_dist_0kzi8zd._.js:776
[45477101ms] [LOG] [Fast Refresh] done in 26ms @ http://localhost:3000/_next/static/chunks/18od_next_dist_0kzi8zd._.js:776
[45479993ms] [LOG] [Fast Refresh] rebuilding @ http://localhost:3000/_next/static/chunks/18od_next_dist_0kzi8zd._.js:776
[45480125ms] [LOG] [Fast Refresh] done in 5ms @ http://localhost:3000/_next/static/chunks/18od_next_dist_0kzi8zd._.js:776
[45480194ms] [LOG] [Fast Refresh] done in 5ms @ http://localhost:3000/_next/static/chunks/18od_next_dist_0kzi8zd._.js:776
[45480366ms] [LOG] [Fast Refresh] done in 5ms @ http://localhost:3000/_next/static/chunks/18od_next_dist_0kzi8zd._.js:776
[45524935ms] [LOG] [Fast Refresh] rebuilding @ http://localhost:3000/_next/static/chunks/18od_next_dist_0kzi8zd._.js:776
[45524958ms] [LOG] [Fast Refresh] done in 10ms @ http://localhost:3000/_next/static/chunks/18od_next_dist_0kzi8zd._.js:776
[45525192ms] [LOG] [Fast Refresh] done in 10ms @ http://localhost:3000/_next/static/chunks/18od_next_dist_0kzi8zd._.js:776
[45525337ms] [LOG] [Fast Refresh] done in 10ms @ http://localhost:3000/_next/static/chunks/18od_next_dist_0kzi8zd._.js:776
[45527257ms] [LOG] [Fast Refresh] done in 10ms @ http://localhost:3000/_next/static/chunks/18od_next_dist_0kzi8zd._.js:776
[45527414ms] [LOG] [Fast Refresh] done in 10ms @ http://localhost:3000/_next/static/chunks/18od_next_dist_0kzi8zd._.js:776
[45527561ms] [LOG] [Fast Refresh] done in 10ms @ http://localhost:3000/_next/static/chunks/18od_next_dist_0kzi8zd._.js:776
[45530871ms] [LOG] [Fast Refresh] rebuilding @ http://localhost:3000/_next/static/chunks/18od_next_dist_0kzi8zd._.js:776
[45530892ms] [LOG] [Fast Refresh] done in 12ms @ http://localhost:3000/_next/static/chunks/18od_next_dist_0kzi8zd._.js:776
[45531014ms] [LOG] [Fast Refresh] done in 12ms @ http://localhost:3000/_next/static/chunks/18od_next_dist_0kzi8zd._.js:776
[45531255ms] [LOG] [Fast Refresh] done in 12ms @ http://localhost:3000/_next/static/chunks/18od_next_dist_0kzi8zd._.js:776
[45535201ms] [LOG] [Fast Refresh] rebuilding @ http://localhost:3000/_next/static/chunks/18od_next_dist_0kzi8zd._.js:776
[45535369ms] [LOG] [Fast Refresh] done in 4ms @ http://localhost:3000/_next/static/chunks/18od_next_dist_0kzi8zd._.js:776
[45535494ms] [LOG] [Fast Refresh] done in 4ms @ http://localhost:3000/_next/static/chunks/18od_next_dist_0kzi8zd._.js:776
[45539868ms] [ERROR] WebSocket connection to 'ws://localhost:3000/_next/hmr?id=nFNHS0hAGIH-YLGNIc8aP' failed: Error in connection establishment: net::ERR_CONNECTION_REFUSED @ http://localhost:3000/_next/static/chunks/18od_next_dist_client_1c0y_56._.js:16256
[45541307ms] [LOG] [HMR] connected @ http://localhost:3000/_next/static/chunks/18od_next_dist_0kzi8zd._.js:776
[45544003ms] [INFO] %cDownload the React DevTools for a better development experience: https://react.dev/link/react-devtools font-weight:bold @ http://localhost:3000/_next/static/chunks/18od_next_dist_0kzi8zd._.js:776
[45544047ms] [LOG] [HMR] connected @ http://localhost:3000/_next/static/chunks/18od_next_dist_0kzi8zd._.js:776
[45566965ms] [LOG] [Fast Refresh] rebuilding @ http://localhost:3000/_next/static/chunks/18od_next_dist_0kzi8zd._.js:776
[45567404ms] [LOG] [Fast Refresh] done in 323ms @ http://localhost:3000/_next/static/chunks/18od_next_dist_0kzi8zd._.js:776
[45567569ms] [LOG] [Fast Refresh] done in 323ms @ http://localhost:3000/_next/static/chunks/18od_next_dist_0kzi8zd._.js:776
[45571584ms] [LOG] [Fast Refresh] rebuilding @ http://localhost:3000/_next/static/chunks/18od_next_dist_0kzi8zd._.js:776
[45571847ms] [LOG] [Fast Refresh] done in 234ms @ http://localhost:3000/_next/static/chunks/18od_next_dist_0kzi8zd._.js:776
[45572129ms] [LOG] [Fast Refresh] done in 234ms @ http://localhost:3000/_next/static/chunks/18od_next_dist_0kzi8zd._.js:776
[45582235ms] [LOG] [Fast Refresh] rebuilding @ http://localhost:3000/_next/static/chunks/18od_next_dist_0kzi8zd._.js:776
[45582261ms] [LOG] [Fast Refresh] done in 19ms @ http://localhost:3000/_next/static/chunks/18od_next_dist_0kzi8zd._.js:776
[45582343ms] [LOG] [Fast Refresh] done in 19ms @ http://localhost:3000/_next/static/chunks/18od_next_dist_0kzi8zd._.js:776
[45582661ms] [LOG] [Fast Refresh] done in 19ms @ http://localhost:3000/_next/static/chunks/18od_next_dist_0kzi8zd._.js:776
[45589620ms] [LOG] [Fast Refresh] done in 19ms @ http://localhost:3000/_next/static/chunks/18od_next_dist_0kzi8zd._.js:776
[45785067ms] [LOG] [Fast Refresh] rebuilding @ http://localhost:3000/_next/static/chunks/18od_next_dist_0kzi8zd._.js:776
[45785179ms] [LOG] [Fast Refresh] done in 189ms @ http://localhost:3000/_next/static/chunks/18od_next_dist_0kzi8zd._.js:776
[45785386ms] [LOG] [Fast Refresh] done in 189ms @ http://localhost:3000/_next/static/chunks/18od_next_dist_0kzi8zd._.js:776
[45785522ms] [LOG] [Fast Refresh] done in 189ms @ http://localhost:3000/_next/static/chunks/18od_next_dist_0kzi8zd._.js:776
[45785910ms] [LOG] [Fast Refresh] done in 189ms @ http://localhost:3000/_next/static/chunks/18od_next_dist_0kzi8zd._.js:776
[45858447ms] [LOG] [Fast Refresh] rebuilding @ http://localhost:3000/_next/static/chunks/18od_next_dist_0kzi8zd._.js:776
[45858470ms] [LOG] [Fast Refresh] done in 64ms @ http://localhost:3000/_next/static/chunks/18od_next_dist_0kzi8zd._.js:776
[45858702ms] [LOG] [Fast Refresh] done in 64ms @ http://localhost:3000/_next/static/chunks/18od_next_dist_0kzi8zd._.js:776
[45859171ms] [LOG] [Fast Refresh] done in 64ms @ http://localhost:3000/_next/static/chunks/18od_next_dist_0kzi8zd._.js:776
[45867763ms] [LOG] [Fast Refresh] done in 64ms @ http://localhost:3000/_next/static/chunks/18od_next_dist_0kzi8zd._.js:776
[45868017ms] [LOG] [Fast Refresh] done in 64ms @ http://localhost:3000/_next/static/chunks/18od_next_dist_0kzi8zd._.js:776
[45868627ms] [LOG] [Fast Refresh] rebuilding @ http://localhost:3000/_next/static/chunks/18od_next_dist_0kzi8zd._.js:776
[45868931ms] [LOG] [Fast Refresh] done in 404ms @ http://localhost:3000/_next/static/chunks/18od_next_dist_0kzi8zd._.js:776
[46014584ms] [LOG] [Fast Refresh] rebuilding @ http://localhost:3000/_next/static/chunks/18od_next_dist_0kzi8zd._.js:776
[46014619ms] [LOG] [Fast Refresh] done in 43ms @ http://localhost:3000/_next/static/chunks/18od_next_dist_0kzi8zd._.js:776
[46014802ms] [LOG] [Fast Refresh] done in 43ms @ http://localhost:3000/_next/static/chunks/18od_next_dist_0kzi8zd._.js:776
[46015102ms] [LOG] [Fast Refresh] done in 43ms @ http://localhost:3000/_next/static/chunks/18od_next_dist_0kzi8zd._.js:776
[46020006ms] [LOG] [Fast Refresh] done in 43ms @ http://localhost:3000/_next/static/chunks/18od_next_dist_0kzi8zd._.js:776
[46020216ms] [LOG] [Fast Refresh] done in 43ms @ http://localhost:3000/_next/static/chunks/18od_next_dist_0kzi8zd._.js:776
[46020670ms] [LOG] [Fast Refresh] done in 43ms @ http://localhost:3000/_next/static/chunks/18od_next_dist_0kzi8zd._.js:776
[46026111ms] [LOG] [Fast Refresh] rebuilding @ http://localhost:3000/_next/static/chunks/18od_next_dist_0kzi8zd._.js:776
[46026131ms] [LOG] [Fast Refresh] done in 1ms @ http://localhost:3000/_next/static/chunks/18od_next_dist_0kzi8zd._.js:776
[46026266ms] [LOG] [Fast Refresh] done in 1ms @ http://localhost:3000/_next/static/chunks/18od_next_dist_0kzi8zd._.js:776
[46026569ms] [LOG] [Fast Refresh] done in 1ms @ http://localhost:3000/_next/static/chunks/18od_next_dist_0kzi8zd._.js:776
[46030249ms] [LOG] [Fast Refresh] rebuilding @ http://localhost:3000/_next/static/chunks/18od_next_dist_0kzi8zd._.js:776
[46030267ms] [LOG] [Fast Refresh] done in 16ms @ http://localhost:3000/_next/static/chunks/18od_next_dist_0kzi8zd._.js:776
[46030577ms] [LOG] [Fast Refresh] done in 16ms @ http://localhost:3000/_next/static/chunks/18od_next_dist_0kzi8zd._.js:776
[46031033ms] [LOG] [Fast Refresh] done in 16ms @ http://localhost:3000/_next/static/chunks/18od_next_dist_0kzi8zd._.js:776
[46042052ms] [LOG] [Fast Refresh] rebuilding @ http://localhost:3000/_next/static/chunks/18od_next_dist_0kzi8zd._.js:776
[46042084ms] [LOG] [Fast Refresh] done in 14ms @ http://localhost:3000/_next/static/chunks/18od_next_dist_0kzi8zd._.js:776
[46042212ms] [LOG] [Fast Refresh] done in 14ms @ http://localhost:3000/_next/static/chunks/18od_next_dist_0kzi8zd._.js:776
[46042601ms] [LOG] [Fast Refresh] done in 14ms @ http://localhost:3000/_next/static/chunks/18od_next_dist_0kzi8zd._.js:776
[46096384ms] [LOG] [Fast Refresh] done in 54309ms @ http://localhost:3000/_next/static/chunks/18od_next_dist_0kzi8zd._.js:776
[46096671ms] [LOG] [Fast Refresh] done in 54309ms @ http://localhost:3000/_next/static/chunks/18od_next_dist_0kzi8zd._.js:776
[46097006ms] [LOG] [Fast Refresh] done in 54309ms @ http://localhost:3000/_next/static/chunks/18od_next_dist_0kzi8zd._.js:776
[46097470ms] [LOG] [Fast Refresh] done in 54309ms @ http://localhost:3000/_next/static/chunks/18od_next_dist_0kzi8zd._.js:776
[46387822ms] [LOG] [Fast Refresh] rebuilding @ http://localhost:3000/_next/static/chunks/18od_next_dist_0kzi8zd._.js:776
[46388544ms] [LOG] [Fast Refresh] done in 719ms @ http://localhost:3000/_next/static/chunks/18od_next_dist_0kzi8zd._.js:776
[46388925ms] [LOG] [Fast Refresh] done in 835ms @ http://localhost:3000/_next/static/chunks/18od_next_dist_0kzi8zd._.js:776
[46389258ms] [LOG] [Fast Refresh] done in 835ms @ http://localhost:3000/_next/static/chunks/18od_next_dist_0kzi8zd._.js:776
[46396627ms] [LOG] [Fast Refresh] rebuilding @ http://localhost:3000/_next/static/chunks/18od_next_dist_0kzi8zd._.js:776
[46396749ms] [LOG] [Fast Refresh] done in 224ms @ http://localhost:3000/_next/static/chunks/18od_next_dist_0kzi8zd._.js:776
